{
  "id": "cadvisor-resources",
  "name": "Resources",
  "sections": [
    {
      "name": "CPU usage",
      "rows": [
        {
          "panels": [
            {
              "title": "",
              "type": "line",
              "unit": {
                "format": "numeric",
                "explanation": "CPU seconds / second"
              },
              "query": "sum (label_replace(rate(container_cpu_usage_seconds_total{image!='',namespace='default',_weave_pod_name='authfe'}[2m]), 'pod', '$0', 'pod_name', '.+')) by (pod)"
            }
          ]
        }
      ]
    },
    {
      "name": "Memory usage",
      "rows": [
        {
          "panels": [
            {
              "title": "",
              "type": "line",
              "unit": {
                "format": "bytes"
              },
              "query": "sum (label_replace(container_memory_working_set_bytes{image!='',namespace='default',_weave_pod_name='authfe'}, 'pod', '$0', 'pod_name', '.+')) by (pod)"
            }
          ]
        }
      ]
    },
    {
      "name": "Network traffic",
      "rows": [
        {
          "panels": [
            {
              "title": "Incoming",
              "type": "line",
              "unit": {
                "format": "bytes"
              },
              "query": "sum (label_replace(rate(container_network_receive_bytes_total{image!='',interface='eth0',namespace='default',_weave_pod_name='authfe'}[2m]), 'pod', '$0', 'pod_name', '.+')) by (pod)"
            },
            {
              "title": "Outgoing",
              "type": "line",
              "unit": {
                "format": "bytes"
              },
              "query": "sum (label_replace(rate(container_network_transmit_bytes_total{image!='',interface='eth0',namespace='default',_weave_pod_name='authfe'}[2m]), 'pod', '$0', 'pod_name', '.+')) by (pod)"
            }
          ]
        }
      ]
    },
    {
      "name": "Disk I/O",
      "rows": [
        {
          "panels": [
            {
              "title": "Operations per second (read)",
              "type": "line",
              "unit": {
                "format": "numeric"
              },
              "query": "sum (label_replace(rate(container_fs_reads_total{image!='',namespace='default',_weave_pod_name='authfe'}[2m]), 'pod', '$0', 'pod_name', '.+')) by (pod)"
            },
            {
              "title": "Operations per second (write)",
              "type": "line",
              "unit": {
                "format": "numeric"
              },
              "query": "sum (label_replace(rate(container_fs_writes_total{image!='',namespace='default',_weave_pod_name='authfe'}[2m]), 'pod', '$0', 'pod_name', '.+')) by (pod)"
            }
          ]
        }
      ]
    }
  ]
}