{"metrics":["container_cpu_load_average_10s","container_cpu_system_seconds_total","container_cpu_usage_seconds_total","container_cpu_user_seconds_total","container_fs_inodes_free","container_fs_inodes_total","container_fs_io_current","container_fs_io_time_seconds_total","container_fs_io_time_weighted_seconds_total","container_fs_limit_bytes","container_fs_read_seconds_total","container_fs_reads_merged_total","container_fs_reads_total","container_fs_sector_reads_total","container_fs_sector_writes_total","container_fs_usage_bytes","container_fs_write_seconds_total","container_fs_writes_merged_total","container_fs_writes_total","container_last_seen","container_memory_cache","container_memory_failcnt","container_memory_failures_total","container_memory_rss","container_memory_swap","container_memory_usage_bytes","container_memory_working_set_bytes","container_network_receive_bytes_total","container_network_receive_errors_total","container_network_receive_packets_dropped_total","container_network_receive_packets_total","container_network_tcp_usage_total","container_network_transmit_bytes_total","container_network_transmit_errors_total","container_network_transmit_packets_dropped_total","container_network_transmit_packets_total","container_network_udp_usage_total","container_spec_cpu_period","container_spec_cpu_shares","container_spec_memory_limit_bytes","container_spec_memory_swap_limit_bytes","container_start_time_seconds","container_tasks_state","events_to_db_total","events_to_sqs_total","go_gc_duration_seconds","go_gc_duration_seconds_count","go_gc_duration_seconds_sum","go_goroutines","go_info","go_memstats_alloc_bytes","go_memstats_alloc_bytes_total","go_memstats_buck_hash_sys_bytes","go_memstats_frees_total","go_memstats_gc_cpu_fraction","go_memstats_gc_sys_bytes","go_memstats_heap_alloc_bytes","go_memstats_heap_idle_bytes","go_memstats_heap_inuse_bytes","go_memstats_heap_objects","go_memstats_heap_released_bytes","go_memstats_heap_sys_bytes","go_memstats_last_gc_time_seconds","go_memstats_lookups_total","go_memstats_mallocs_total","go_memstats_mcache_inuse_bytes","go_memstats_mcache_sys_bytes","go_memstats_mspan_inuse_bytes","go_memstats_mspan_sys_bytes","go_memstats_next_gc_bytes","go_memstats_other_sys_bytes","go_memstats_stack_inuse_bytes","go_memstats_stack_sys_bytes","go_memstats_sys_bytes","go_threads","http_request_duration_microseconds","http_request_duration_microseconds_count","http_request_duration_microseconds_sum","http_request_size_bytes","http_request_size_bytes_count","http_request_size_bytes_sum","http_requests_total","http_response_size_bytes","http_response_size_bytes_count","http_response_size_bytes_sum","incoming_event_requests_total","log_messages","notification_active_websockets","notification_completed_notification_duration_seconds_bucket","notification_completed_notification_duration_seconds_count","notification_completed_notification_duration_seconds_sum","notification_database_request_duration_seconds_bucket","notification_database_request_duration_seconds_count","notification_database_request_duration_seconds_sum","notification_no_retry_errors_total","notification_receive_from_sqs_errors_total","notification_request_duration_seconds_bucket","notification_request_duration_seconds_count","notification_request_duration_seconds_sum","notification_to_browser_errors_total","notification_websocket_errors_total","notification_websockets_total","notifications_in_sqs","notifications_receive_from_sqs_total","notifications_to_browser_total","process_cpu_seconds_total","process_max_fds","process_open_fds","process_resident_memory_bytes","process_start_time_seconds","process_virtual_memory_bytes","publication_nats_errors_total","publications_nats_total","scrape_duration_seconds","scrape_samples_post_metric_relabeling","scrape_samples_scraped","service_users_client_request_duration_seconds_bucket","service_users_client_request_duration_seconds_count","service_users_client_request_duration_seconds_sum","subscribers_nats","subscribers_nats_errors_total","up"]}